Error code: 402 - {'error': {'message': 'This request requires more credits, or fewer max_tokens. You requested up to 16384 tokens, but can only afford 15951. To increase, visit https://openrouter.ai/settings/credits and upgrade to a paid account', 'code': 402, 'metadata': {'limit_source': 'openrouter_credits', 'remedy_hint': 'Add credits at https://openrouter.ai/settings/credits, or lower max_tokens / prompt size to fit your remaining balance.', 'provider_name': None, 'previous_errors': [{'code': 402, 'message': 'This request requires more credits, or fewer max_tokens. You requested up to 16384 tokens, but can only afford 15951. To increase, visit https://openrouter.ai/settings/credits and upgrade to a paid account'}]}}, 'user_id': 'user_3GSFpaGapjqNzCKT9dMdVlgJ46E'}